ERROR - 2025-12-12 08:21:14 --> Error updating active semesters: Updates are not allowed unless they contain a "where" or "like" clause.
ERROR - 2025-12-12 08:21:28 --> Error updating active semesters: Updates are not allowed unless they contain a "where" or "like" clause.
ERROR - 2025-12-12 08:25:50 --> Error updating active semesters: Updates are not allowed unless they contain a "where" or "like" clause.
ERROR - 2025-12-12 08:31:07 --> Error updating active semesters: Updates are not allowed unless they contain a "where" or "like" clause.
ERROR - 2025-12-12 08:31:09 --> Error updating active semesters: Updates are not allowed unless they contain a "where" or "like" clause.
ERROR - 2025-12-12 08:31:11 --> Error updating active semesters: Updates are not allowed unless they contain a "where" or "like" clause.
ERROR - 2025-12-12 08:31:13 --> Error updating active semesters: Updates are not allowed unless they contain a "where" or "like" clause.
ERROR - 2025-12-12 08:33:07 --> Error updating active semesters: Updates are not allowed unless they contain a "where" or "like" clause.
ERROR - 2025-12-12 08:33:09 --> Error updating active semesters: Updates are not allowed unless they contain a "where" or "like" clause.
ERROR - 2025-12-12 08:33:11 --> Error updating active semesters: Updates are not allowed unless they contain a "where" or "like" clause.
ERROR - 2025-12-12 08:33:15 --> Error updating active semesters: Updates are not allowed unless they contain a "where" or "like" clause.
ERROR - 2025-12-12 08:34:03 --> Error updating active semesters: Updates are not allowed unless they contain a "where" or "like" clause.
ERROR - 2025-12-12 08:34:50 --> Error updating active semesters: Updates are not allowed unless they contain a "where" or "like" clause.
ERROR - 2025-12-12 08:35:02 --> Error updating active semesters: Updates are not allowed unless they contain a "where" or "like" clause.
ERROR - 2025-12-12 08:35:43 --> Error updating active semesters after update: Updates are not allowed unless they contain a "where" or "like" clause.
ERROR - 2025-12-12 08:35:44 --> Error updating active semesters: Updates are not allowed unless they contain a "where" or "like" clause.
ERROR - 2025-12-12 08:35:46 --> Error updating active semesters: Updates are not allowed unless they contain a "where" or "like" clause.
ERROR - 2025-12-12 08:35:48 --> Error updating active semesters: Updates are not allowed unless they contain a "where" or "like" clause.
ERROR - 2025-12-12 08:35:52 --> Error updating active semesters: Updates are not allowed unless they contain a "where" or "like" clause.
ERROR - 2025-12-12 08:36:37 --> Error updating active semesters: Updates are not allowed unless they contain a "where" or "like" clause.
ERROR - 2025-12-12 08:36:38 --> Error updating active semesters: Updates are not allowed unless they contain a "where" or "like" clause.
ERROR - 2025-12-12 08:37:19 --> Error updating active semesters after update: Updates are not allowed unless they contain a "where" or "like" clause.
ERROR - 2025-12-12 08:37:19 --> Error updating active semesters: Updates are not allowed unless they contain a "where" or "like" clause.
ERROR - 2025-12-12 08:37:32 --> Error updating active semesters: Updates are not allowed unless they contain a "where" or "like" clause.
ERROR - 2025-12-12 08:39:54 --> Error updating active semesters: Updates are not allowed unless they contain a "where" or "like" clause.
ERROR - 2025-12-12 08:40:24 --> Error updating active semesters: Updates are not allowed unless they contain a "where" or "like" clause.
ERROR - 2025-12-12 08:41:10 --> Error updating active semesters: Updates are not allowed unless they contain a "where" or "like" clause.
ERROR - 2025-12-12 08:41:13 --> Error updating active semesters: Updates are not allowed unless they contain a "where" or "like" clause.
ERROR - 2025-12-12 08:41:15 --> Error updating active semesters: Updates are not allowed unless they contain a "where" or "like" clause.
ERROR - 2025-12-12 08:41:18 --> Error updating active semesters: Updates are not allowed unless they contain a "where" or "like" clause.
ERROR - 2025-12-12 08:48:10 --> Error updating active semesters: Updates are not allowed unless they contain a "where" or "like" clause.
ERROR - 2025-12-12 08:48:17 --> Error updating active semesters: Updates are not allowed unless they contain a "where" or "like" clause.
ERROR - 2025-12-12 08:48:21 --> Error updating active semesters: Updates are not allowed unless they contain a "where" or "like" clause.
ERROR - 2025-12-12 08:48:22 --> Error updating active semesters: Updates are not allowed unless they contain a "where" or "like" clause.
ERROR - 2025-12-12 08:48:23 --> Error updating active semesters: Updates are not allowed unless they contain a "where" or "like" clause.
ERROR - 2025-12-12 08:48:24 --> Error updating active semesters: Updates are not allowed unless they contain a "where" or "like" clause.
ERROR - 2025-12-12 08:48:25 --> Error updating active semesters: Updates are not allowed unless they contain a "where" or "like" clause.
ERROR - 2025-12-12 08:48:26 --> Error updating active semesters: Updates are not allowed unless they contain a "where" or "like" clause.
ERROR - 2025-12-12 08:48:28 --> Error updating active semesters: Updates are not allowed unless they contain a "where" or "like" clause.
ERROR - 2025-12-12 08:48:28 --> Error updating active semesters: Updates are not allowed unless they contain a "where" or "like" clause.
ERROR - 2025-12-12 08:48:28 --> Error updating active semesters: Updates are not allowed unless they contain a "where" or "like" clause.
ERROR - 2025-12-12 08:48:29 --> Error updating active semesters: Updates are not allowed unless they contain a "where" or "like" clause.
ERROR - 2025-12-12 08:48:30 --> Error updating active semesters: Updates are not allowed unless they contain a "where" or "like" clause.
ERROR - 2025-12-12 08:48:31 --> Error updating active semesters: Updates are not allowed unless they contain a "where" or "like" clause.
ERROR - 2025-12-12 08:48:32 --> Error updating active semesters: Updates are not allowed unless they contain a "where" or "like" clause.
ERROR - 2025-12-12 08:48:33 --> Error updating active semesters: Updates are not allowed unless they contain a "where" or "like" clause.
ERROR - 2025-12-12 08:48:33 --> Error updating active semesters: Updates are not allowed unless they contain a "where" or "like" clause.
ERROR - 2025-12-12 08:48:35 --> Error updating active semesters: Updates are not allowed unless they contain a "where" or "like" clause.
ERROR - 2025-12-12 08:48:35 --> Error updating active semesters: Updates are not allowed unless they contain a "where" or "like" clause.
ERROR - 2025-12-12 08:48:37 --> Error updating active semesters: Updates are not allowed unless they contain a "where" or "like" clause.
ERROR - 2025-12-12 08:48:38 --> Error updating active semesters: Updates are not allowed unless they contain a "where" or "like" clause.
ERROR - 2025-12-12 08:48:39 --> Error updating active semesters: Updates are not allowed unless they contain a "where" or "like" clause.
ERROR - 2025-12-12 08:48:40 --> Error updating active semesters: Updates are not allowed unless they contain a "where" or "like" clause.
ERROR - 2025-12-12 08:48:42 --> Error updating active semesters: Updates are not allowed unless they contain a "where" or "like" clause.
ERROR - 2025-12-12 08:48:43 --> Error updating active semesters: Updates are not allowed unless they contain a "where" or "like" clause.
ERROR - 2025-12-12 08:48:44 --> Error updating active semesters: Updates are not allowed unless they contain a "where" or "like" clause.
ERROR - 2025-12-12 08:48:45 --> Error updating active semesters: Updates are not allowed unless they contain a "where" or "like" clause.
ERROR - 2025-12-12 08:48:47 --> Error updating active semesters: Updates are not allowed unless they contain a "where" or "like" clause.
ERROR - 2025-12-12 08:49:02 --> Error updating active semesters: Updates are not allowed unless they contain a "where" or "like" clause.
ERROR - 2025-12-12 08:49:11 --> Error updating active semesters: Updates are not allowed unless they contain a "where" or "like" clause.
ERROR - 2025-12-12 08:49:11 --> Error updating active semesters: Updates are not allowed unless they contain a "where" or "like" clause.
ERROR - 2025-12-12 08:49:12 --> Error updating active semesters: Updates are not allowed unless they contain a "where" or "like" clause.
ERROR - 2025-12-12 08:49:13 --> Error updating active semesters: Updates are not allowed unless they contain a "where" or "like" clause.
ERROR - 2025-12-12 08:49:13 --> Error updating active semesters: Updates are not allowed unless they contain a "where" or "like" clause.
ERROR - 2025-12-12 08:49:39 --> Error updating active semesters: Updates are not allowed unless they contain a "where" or "like" clause.
ERROR - 2025-12-12 00:49:39 --> mysqli_sql_exception: You have an error in your SQL syntax; check the manual that corresponds to your MariaDB server version for the right syntax to use near '-1' at line 6 in C:\xampp\htdocs\ITE311-MALILAY\system\Database\MySQLi\Connection.php:327
Stack trace:
#0 C:\xampp\htdocs\ITE311-MALILAY\system\Database\MySQLi\Connection.php(327): mysqli->query('SELECT *\nFROM `...', 0)
#1 C:\xampp\htdocs\ITE311-MALILAY\system\Database\BaseConnection.php(729): CodeIgniter\Database\MySQLi\Connection->execute('SELECT *\nFROM `...')
#2 C:\xampp\htdocs\ITE311-MALILAY\system\Database\BaseConnection.php(646): CodeIgniter\Database\BaseConnection->simpleQuery('SELECT *\nFROM `...')
#3 C:\xampp\htdocs\ITE311-MALILAY\system\Database\BaseBuilder.php(1649): CodeIgniter\Database\BaseConnection->query('SELECT *\nFROM `...', Array, false)
#4 C:\xampp\htdocs\ITE311-MALILAY\system\Model.php(286): CodeIgniter\Database\BaseBuilder->get()
#5 C:\xampp\htdocs\ITE311-MALILAY\system\BaseModel.php(677): CodeIgniter\Model->doFindAll(0, 0)
#6 C:\xampp\htdocs\ITE311-MALILAY\app\Models\NotificationModel.php(79): CodeIgniter\BaseModel->findAll()
#7 C:\xampp\htdocs\ITE311-MALILAY\app\Controllers\Notifications.php(56): App\Models\NotificationModel->getNotificationsForUser('10', 10)
#8 C:\xampp\htdocs\ITE311-MALILAY\system\CodeIgniter.php(933): App\Controllers\Notifications->get()
#9 C:\xampp\htdocs\ITE311-MALILAY\system\CodeIgniter.php(507): CodeIgniter\CodeIgniter->runController(Object(App\Controllers\Notifications))
#10 C:\xampp\htdocs\ITE311-MALILAY\system\CodeIgniter.php(354): CodeIgniter\CodeIgniter->handleRequest(NULL, Object(Config\Cache), false)
#11 C:\xampp\htdocs\ITE311-MALILAY\system\Boot.php(363): CodeIgniter\CodeIgniter->run()
#12 C:\xampp\htdocs\ITE311-MALILAY\system\Boot.php(68): CodeIgniter\Boot::runCodeIgniter(Object(CodeIgniter\CodeIgniter))
#13 C:\xampp\htdocs\ITE311-MALILAY\index.php(88): CodeIgniter\Boot::bootWeb(Object(Config\Paths))
#14 {main}
ERROR - 2025-12-12 00:49:39 --> Notification fetch error: You have an error in your SQL syntax; check the manual that corresponds to your MariaDB server version for the right syntax to use near '-1' at line 6
ERROR - 2025-12-12 08:49:40 --> Error updating active semesters: Updates are not allowed unless they contain a "where" or "like" clause.
ERROR - 2025-12-12 00:49:41 --> mysqli_sql_exception: You have an error in your SQL syntax; check the manual that corresponds to your MariaDB server version for the right syntax to use near '-1' at line 6 in C:\xampp\htdocs\ITE311-MALILAY\system\Database\MySQLi\Connection.php:327
Stack trace:
#0 C:\xampp\htdocs\ITE311-MALILAY\system\Database\MySQLi\Connection.php(327): mysqli->query('SELECT *\nFROM `...', 0)
#1 C:\xampp\htdocs\ITE311-MALILAY\system\Database\BaseConnection.php(729): CodeIgniter\Database\MySQLi\Connection->execute('SELECT *\nFROM `...')
#2 C:\xampp\htdocs\ITE311-MALILAY\system\Database\BaseConnection.php(646): CodeIgniter\Database\BaseConnection->simpleQuery('SELECT *\nFROM `...')
#3 C:\xampp\htdocs\ITE311-MALILAY\system\Database\BaseBuilder.php(1649): CodeIgniter\Database\BaseConnection->query('SELECT *\nFROM `...', Array, false)
#4 C:\xampp\htdocs\ITE311-MALILAY\system\Model.php(286): CodeIgniter\Database\BaseBuilder->get()
#5 C:\xampp\htdocs\ITE311-MALILAY\system\BaseModel.php(677): CodeIgniter\Model->doFindAll(0, 0)
#6 C:\xampp\htdocs\ITE311-MALILAY\app\Models\NotificationModel.php(79): CodeIgniter\BaseModel->findAll()
#7 C:\xampp\htdocs\ITE311-MALILAY\app\Controllers\Notifications.php(56): App\Models\NotificationModel->getNotificationsForUser('10', 10)
#8 C:\xampp\htdocs\ITE311-MALILAY\system\CodeIgniter.php(933): App\Controllers\Notifications->get()
#9 C:\xampp\htdocs\ITE311-MALILAY\system\CodeIgniter.php(507): CodeIgniter\CodeIgniter->runController(Object(App\Controllers\Notifications))
#10 C:\xampp\htdocs\ITE311-MALILAY\system\CodeIgniter.php(354): CodeIgniter\CodeIgniter->handleRequest(NULL, Object(Config\Cache), false)
#11 C:\xampp\htdocs\ITE311-MALILAY\system\Boot.php(363): CodeIgniter\CodeIgniter->run()
#12 C:\xampp\htdocs\ITE311-MALILAY\system\Boot.php(68): CodeIgniter\Boot::runCodeIgniter(Object(CodeIgniter\CodeIgniter))
#13 C:\xampp\htdocs\ITE311-MALILAY\index.php(88): CodeIgniter\Boot::bootWeb(Object(Config\Paths))
#14 {main}
ERROR - 2025-12-12 00:49:41 --> Notification fetch error: You have an error in your SQL syntax; check the manual that corresponds to your MariaDB server version for the right syntax to use near '-1' at line 6
ERROR - 2025-12-12 08:49:43 --> Error updating active semesters: Updates are not allowed unless they contain a "where" or "like" clause.
ERROR - 2025-12-12 00:49:43 --> mysqli_sql_exception: You have an error in your SQL syntax; check the manual that corresponds to your MariaDB server version for the right syntax to use near '-1' at line 6 in C:\xampp\htdocs\ITE311-MALILAY\system\Database\MySQLi\Connection.php:327
Stack trace:
#0 C:\xampp\htdocs\ITE311-MALILAY\system\Database\MySQLi\Connection.php(327): mysqli->query('SELECT *\nFROM `...', 0)
#1 C:\xampp\htdocs\ITE311-MALILAY\system\Database\BaseConnection.php(729): CodeIgniter\Database\MySQLi\Connection->execute('SELECT *\nFROM `...')
#2 C:\xampp\htdocs\ITE311-MALILAY\system\Database\BaseConnection.php(646): CodeIgniter\Database\BaseConnection->simpleQuery('SELECT *\nFROM `...')
#3 C:\xampp\htdocs\ITE311-MALILAY\system\Database\BaseBuilder.php(1649): CodeIgniter\Database\BaseConnection->query('SELECT *\nFROM `...', Array, false)
#4 C:\xampp\htdocs\ITE311-MALILAY\system\Model.php(286): CodeIgniter\Database\BaseBuilder->get()
#5 C:\xampp\htdocs\ITE311-MALILAY\system\BaseModel.php(677): CodeIgniter\Model->doFindAll(0, 0)
#6 C:\xampp\htdocs\ITE311-MALILAY\app\Models\NotificationModel.php(79): CodeIgniter\BaseModel->findAll()
#7 C:\xampp\htdocs\ITE311-MALILAY\app\Controllers\Notifications.php(56): App\Models\NotificationModel->getNotificationsForUser('10', 10)
#8 C:\xampp\htdocs\ITE311-MALILAY\system\CodeIgniter.php(933): App\Controllers\Notifications->get()
#9 C:\xampp\htdocs\ITE311-MALILAY\system\CodeIgniter.php(507): CodeIgniter\CodeIgniter->runController(Object(App\Controllers\Notifications))
#10 C:\xampp\htdocs\ITE311-MALILAY\system\CodeIgniter.php(354): CodeIgniter\CodeIgniter->handleRequest(NULL, Object(Config\Cache), false)
#11 C:\xampp\htdocs\ITE311-MALILAY\system\Boot.php(363): CodeIgniter\CodeIgniter->run()
#12 C:\xampp\htdocs\ITE311-MALILAY\system\Boot.php(68): CodeIgniter\Boot::runCodeIgniter(Object(CodeIgniter\CodeIgniter))
#13 C:\xampp\htdocs\ITE311-MALILAY\index.php(88): CodeIgniter\Boot::bootWeb(Object(Config\Paths))
#14 {main}
ERROR - 2025-12-12 00:49:43 --> Notification fetch error: You have an error in your SQL syntax; check the manual that corresponds to your MariaDB server version for the right syntax to use near '-1' at line 6
ERROR - 2025-12-12 08:49:45 --> Error updating active semesters: Updates are not allowed unless they contain a "where" or "like" clause.
ERROR - 2025-12-12 00:49:45 --> mysqli_sql_exception: You have an error in your SQL syntax; check the manual that corresponds to your MariaDB server version for the right syntax to use near '-1' at line 6 in C:\xampp\htdocs\ITE311-MALILAY\system\Database\MySQLi\Connection.php:327
Stack trace:
#0 C:\xampp\htdocs\ITE311-MALILAY\system\Database\MySQLi\Connection.php(327): mysqli->query('SELECT *\nFROM `...', 0)
#1 C:\xampp\htdocs\ITE311-MALILAY\system\Database\BaseConnection.php(729): CodeIgniter\Database\MySQLi\Connection->execute('SELECT *\nFROM `...')
#2 C:\xampp\htdocs\ITE311-MALILAY\system\Database\BaseConnection.php(646): CodeIgniter\Database\BaseConnection->simpleQuery('SELECT *\nFROM `...')
#3 C:\xampp\htdocs\ITE311-MALILAY\system\Database\BaseBuilder.php(1649): CodeIgniter\Database\BaseConnection->query('SELECT *\nFROM `...', Array, false)
#4 C:\xampp\htdocs\ITE311-MALILAY\system\Model.php(286): CodeIgniter\Database\BaseBuilder->get()
#5 C:\xampp\htdocs\ITE311-MALILAY\system\BaseModel.php(677): CodeIgniter\Model->doFindAll(0, 0)
#6 C:\xampp\htdocs\ITE311-MALILAY\app\Models\NotificationModel.php(79): CodeIgniter\BaseModel->findAll()
#7 C:\xampp\htdocs\ITE311-MALILAY\app\Controllers\Notifications.php(56): App\Models\NotificationModel->getNotificationsForUser('10', 10)
#8 C:\xampp\htdocs\ITE311-MALILAY\system\CodeIgniter.php(933): App\Controllers\Notifications->get()
#9 C:\xampp\htdocs\ITE311-MALILAY\system\CodeIgniter.php(507): CodeIgniter\CodeIgniter->runController(Object(App\Controllers\Notifications))
#10 C:\xampp\htdocs\ITE311-MALILAY\system\CodeIgniter.php(354): CodeIgniter\CodeIgniter->handleRequest(NULL, Object(Config\Cache), false)
#11 C:\xampp\htdocs\ITE311-MALILAY\system\Boot.php(363): CodeIgniter\CodeIgniter->run()
#12 C:\xampp\htdocs\ITE311-MALILAY\system\Boot.php(68): CodeIgniter\Boot::runCodeIgniter(Object(CodeIgniter\CodeIgniter))
#13 C:\xampp\htdocs\ITE311-MALILAY\index.php(88): CodeIgniter\Boot::bootWeb(Object(Config\Paths))
#14 {main}
ERROR - 2025-12-12 00:49:45 --> Notification fetch error: You have an error in your SQL syntax; check the manual that corresponds to your MariaDB server version for the right syntax to use near '-1' at line 6
ERROR - 2025-12-12 08:49:56 --> Error updating active semesters: Updates are not allowed unless they contain a "where" or "like" clause.
ERROR - 2025-12-12 00:49:57 --> mysqli_sql_exception: You have an error in your SQL syntax; check the manual that corresponds to your MariaDB server version for the right syntax to use near '-1' at line 6 in C:\xampp\htdocs\ITE311-MALILAY\system\Database\MySQLi\Connection.php:327
Stack trace:
#0 C:\xampp\htdocs\ITE311-MALILAY\system\Database\MySQLi\Connection.php(327): mysqli->query('SELECT *\nFROM `...', 0)
#1 C:\xampp\htdocs\ITE311-MALILAY\system\Database\BaseConnection.php(729): CodeIgniter\Database\MySQLi\Connection->execute('SELECT *\nFROM `...')
#2 C:\xampp\htdocs\ITE311-MALILAY\system\Database\BaseConnection.php(646): CodeIgniter\Database\BaseConnection->simpleQuery('SELECT *\nFROM `...')
#3 C:\xampp\htdocs\ITE311-MALILAY\system\Database\BaseBuilder.php(1649): CodeIgniter\Database\BaseConnection->query('SELECT *\nFROM `...', Array, false)
#4 C:\xampp\htdocs\ITE311-MALILAY\system\Model.php(286): CodeIgniter\Database\BaseBuilder->get()
#5 C:\xampp\htdocs\ITE311-MALILAY\system\BaseModel.php(677): CodeIgniter\Model->doFindAll(0, 0)
#6 C:\xampp\htdocs\ITE311-MALILAY\app\Models\NotificationModel.php(79): CodeIgniter\BaseModel->findAll()
#7 C:\xampp\htdocs\ITE311-MALILAY\app\Controllers\Notifications.php(56): App\Models\NotificationModel->getNotificationsForUser('10', 10)
#8 C:\xampp\htdocs\ITE311-MALILAY\system\CodeIgniter.php(933): App\Controllers\Notifications->get()
#9 C:\xampp\htdocs\ITE311-MALILAY\system\CodeIgniter.php(507): CodeIgniter\CodeIgniter->runController(Object(App\Controllers\Notifications))
#10 C:\xampp\htdocs\ITE311-MALILAY\system\CodeIgniter.php(354): CodeIgniter\CodeIgniter->handleRequest(NULL, Object(Config\Cache), false)
#11 C:\xampp\htdocs\ITE311-MALILAY\system\Boot.php(363): CodeIgniter\CodeIgniter->run()
#12 C:\xampp\htdocs\ITE311-MALILAY\system\Boot.php(68): CodeIgniter\Boot::runCodeIgniter(Object(CodeIgniter\CodeIgniter))
#13 C:\xampp\htdocs\ITE311-MALILAY\index.php(88): CodeIgniter\Boot::bootWeb(Object(Config\Paths))
#14 {main}
ERROR - 2025-12-12 00:49:57 --> Notification fetch error: You have an error in your SQL syntax; check the manual that corresponds to your MariaDB server version for the right syntax to use near '-1' at line 6
ERROR - 2025-12-12 08:49:58 --> Error updating active semesters: Updates are not allowed unless they contain a "where" or "like" clause.
ERROR - 2025-12-12 00:49:58 --> mysqli_sql_exception: You have an error in your SQL syntax; check the manual that corresponds to your MariaDB server version for the right syntax to use near '-1' at line 6 in C:\xampp\htdocs\ITE311-MALILAY\system\Database\MySQLi\Connection.php:327
Stack trace:
#0 C:\xampp\htdocs\ITE311-MALILAY\system\Database\MySQLi\Connection.php(327): mysqli->query('SELECT *\nFROM `...', 0)
#1 C:\xampp\htdocs\ITE311-MALILAY\system\Database\BaseConnection.php(729): CodeIgniter\Database\MySQLi\Connection->execute('SELECT *\nFROM `...')
#2 C:\xampp\htdocs\ITE311-MALILAY\system\Database\BaseConnection.php(646): CodeIgniter\Database\BaseConnection->simpleQuery('SELECT *\nFROM `...')
#3 C:\xampp\htdocs\ITE311-MALILAY\system\Database\BaseBuilder.php(1649): CodeIgniter\Database\BaseConnection->query('SELECT *\nFROM `...', Array, false)
#4 C:\xampp\htdocs\ITE311-MALILAY\system\Model.php(286): CodeIgniter\Database\BaseBuilder->get()
#5 C:\xampp\htdocs\ITE311-MALILAY\system\BaseModel.php(677): CodeIgniter\Model->doFindAll(0, 0)
#6 C:\xampp\htdocs\ITE311-MALILAY\app\Models\NotificationModel.php(79): CodeIgniter\BaseModel->findAll()
#7 C:\xampp\htdocs\ITE311-MALILAY\app\Controllers\Notifications.php(56): App\Models\NotificationModel->getNotificationsForUser('10', 10)
#8 C:\xampp\htdocs\ITE311-MALILAY\system\CodeIgniter.php(933): App\Controllers\Notifications->get()
#9 C:\xampp\htdocs\ITE311-MALILAY\system\CodeIgniter.php(507): CodeIgniter\CodeIgniter->runController(Object(App\Controllers\Notifications))
#10 C:\xampp\htdocs\ITE311-MALILAY\system\CodeIgniter.php(354): CodeIgniter\CodeIgniter->handleRequest(NULL, Object(Config\Cache), false)
#11 C:\xampp\htdocs\ITE311-MALILAY\system\Boot.php(363): CodeIgniter\CodeIgniter->run()
#12 C:\xampp\htdocs\ITE311-MALILAY\system\Boot.php(68): CodeIgniter\Boot::runCodeIgniter(Object(CodeIgniter\CodeIgniter))
#13 C:\xampp\htdocs\ITE311-MALILAY\index.php(88): CodeIgniter\Boot::bootWeb(Object(Config\Paths))
#14 {main}
ERROR - 2025-12-12 00:49:58 --> Notification fetch error: You have an error in your SQL syntax; check the manual that corresponds to your MariaDB server version for the right syntax to use near '-1' at line 6
ERROR - 2025-12-12 08:50:07 --> Error updating active semesters: Updates are not allowed unless they contain a "where" or "like" clause.
ERROR - 2025-12-12 00:50:08 --> mysqli_sql_exception: You have an error in your SQL syntax; check the manual that corresponds to your MariaDB server version for the right syntax to use near '-1' at line 6 in C:\xampp\htdocs\ITE311-MALILAY\system\Database\MySQLi\Connection.php:327
Stack trace:
#0 C:\xampp\htdocs\ITE311-MALILAY\system\Database\MySQLi\Connection.php(327): mysqli->query('SELECT *\nFROM `...', 0)
#1 C:\xampp\htdocs\ITE311-MALILAY\system\Database\BaseConnection.php(729): CodeIgniter\Database\MySQLi\Connection->execute('SELECT *\nFROM `...')
#2 C:\xampp\htdocs\ITE311-MALILAY\system\Database\BaseConnection.php(646): CodeIgniter\Database\BaseConnection->simpleQuery('SELECT *\nFROM `...')
#3 C:\xampp\htdocs\ITE311-MALILAY\system\Database\BaseBuilder.php(1649): CodeIgniter\Database\BaseConnection->query('SELECT *\nFROM `...', Array, false)
#4 C:\xampp\htdocs\ITE311-MALILAY\system\Model.php(286): CodeIgniter\Database\BaseBuilder->get()
#5 C:\xampp\htdocs\ITE311-MALILAY\system\BaseModel.php(677): CodeIgniter\Model->doFindAll(0, 0)
#6 C:\xampp\htdocs\ITE311-MALILAY\app\Models\NotificationModel.php(79): CodeIgniter\BaseModel->findAll()
#7 C:\xampp\htdocs\ITE311-MALILAY\app\Controllers\Notifications.php(56): App\Models\NotificationModel->getNotificationsForUser('10', 10)
#8 C:\xampp\htdocs\ITE311-MALILAY\system\CodeIgniter.php(933): App\Controllers\Notifications->get()
#9 C:\xampp\htdocs\ITE311-MALILAY\system\CodeIgniter.php(507): CodeIgniter\CodeIgniter->runController(Object(App\Controllers\Notifications))
#10 C:\xampp\htdocs\ITE311-MALILAY\system\CodeIgniter.php(354): CodeIgniter\CodeIgniter->handleRequest(NULL, Object(Config\Cache), false)
#11 C:\xampp\htdocs\ITE311-MALILAY\system\Boot.php(363): CodeIgniter\CodeIgniter->run()
#12 C:\xampp\htdocs\ITE311-MALILAY\system\Boot.php(68): CodeIgniter\Boot::runCodeIgniter(Object(CodeIgniter\CodeIgniter))
#13 C:\xampp\htdocs\ITE311-MALILAY\index.php(88): CodeIgniter\Boot::bootWeb(Object(Config\Paths))
#14 {main}
ERROR - 2025-12-12 00:50:08 --> Notification fetch error: You have an error in your SQL syntax; check the manual that corresponds to your MariaDB server version for the right syntax to use near '-1' at line 6
ERROR - 2025-12-12 00:51:08 --> mysqli_sql_exception: You have an error in your SQL syntax; check the manual that corresponds to your MariaDB server version for the right syntax to use near '-1' at line 6 in C:\xampp\htdocs\ITE311-MALILAY\system\Database\MySQLi\Connection.php:327
Stack trace:
#0 C:\xampp\htdocs\ITE311-MALILAY\system\Database\MySQLi\Connection.php(327): mysqli->query('SELECT *\nFROM `...', 0)
#1 C:\xampp\htdocs\ITE311-MALILAY\system\Database\BaseConnection.php(729): CodeIgniter\Database\MySQLi\Connection->execute('SELECT *\nFROM `...')
#2 C:\xampp\htdocs\ITE311-MALILAY\system\Database\BaseConnection.php(646): CodeIgniter\Database\BaseConnection->simpleQuery('SELECT *\nFROM `...')
#3 C:\xampp\htdocs\ITE311-MALILAY\system\Database\BaseBuilder.php(1649): CodeIgniter\Database\BaseConnection->query('SELECT *\nFROM `...', Array, false)
#4 C:\xampp\htdocs\ITE311-MALILAY\system\Model.php(286): CodeIgniter\Database\BaseBuilder->get()
#5 C:\xampp\htdocs\ITE311-MALILAY\system\BaseModel.php(677): CodeIgniter\Model->doFindAll(0, 0)
#6 C:\xampp\htdocs\ITE311-MALILAY\app\Models\NotificationModel.php(79): CodeIgniter\BaseModel->findAll()
#7 C:\xampp\htdocs\ITE311-MALILAY\app\Controllers\Notifications.php(56): App\Models\NotificationModel->getNotificationsForUser('10', 10)
#8 C:\xampp\htdocs\ITE311-MALILAY\system\CodeIgniter.php(933): App\Controllers\Notifications->get()
#9 C:\xampp\htdocs\ITE311-MALILAY\system\CodeIgniter.php(507): CodeIgniter\CodeIgniter->runController(Object(App\Controllers\Notifications))
#10 C:\xampp\htdocs\ITE311-MALILAY\system\CodeIgniter.php(354): CodeIgniter\CodeIgniter->handleRequest(NULL, Object(Config\Cache), false)
#11 C:\xampp\htdocs\ITE311-MALILAY\system\Boot.php(363): CodeIgniter\CodeIgniter->run()
#12 C:\xampp\htdocs\ITE311-MALILAY\system\Boot.php(68): CodeIgniter\Boot::runCodeIgniter(Object(CodeIgniter\CodeIgniter))
#13 C:\xampp\htdocs\ITE311-MALILAY\index.php(88): CodeIgniter\Boot::bootWeb(Object(Config\Paths))
#14 {main}
ERROR - 2025-12-12 00:51:08 --> Notification fetch error: You have an error in your SQL syntax; check the manual that corresponds to your MariaDB server version for the right syntax to use near '-1' at line 6
ERROR - 2025-12-12 08:51:56 --> Error updating active semesters: Updates are not allowed unless they contain a "where" or "like" clause.
ERROR - 2025-12-12 00:51:56 --> mysqli_sql_exception: You have an error in your SQL syntax; check the manual that corresponds to your MariaDB server version for the right syntax to use near '-1' at line 6 in C:\xampp\htdocs\ITE311-MALILAY\system\Database\MySQLi\Connection.php:327
Stack trace:
#0 C:\xampp\htdocs\ITE311-MALILAY\system\Database\MySQLi\Connection.php(327): mysqli->query('SELECT *\nFROM `...', 0)
#1 C:\xampp\htdocs\ITE311-MALILAY\system\Database\BaseConnection.php(729): CodeIgniter\Database\MySQLi\Connection->execute('SELECT *\nFROM `...')
#2 C:\xampp\htdocs\ITE311-MALILAY\system\Database\BaseConnection.php(646): CodeIgniter\Database\BaseConnection->simpleQuery('SELECT *\nFROM `...')
#3 C:\xampp\htdocs\ITE311-MALILAY\system\Database\BaseBuilder.php(1649): CodeIgniter\Database\BaseConnection->query('SELECT *\nFROM `...', Array, false)
#4 C:\xampp\htdocs\ITE311-MALILAY\system\Model.php(286): CodeIgniter\Database\BaseBuilder->get()
#5 C:\xampp\htdocs\ITE311-MALILAY\system\BaseModel.php(677): CodeIgniter\Model->doFindAll(0, 0)
#6 C:\xampp\htdocs\ITE311-MALILAY\app\Models\NotificationModel.php(79): CodeIgniter\BaseModel->findAll()
#7 C:\xampp\htdocs\ITE311-MALILAY\app\Controllers\Notifications.php(56): App\Models\NotificationModel->getNotificationsForUser('10', 10)
#8 C:\xampp\htdocs\ITE311-MALILAY\system\CodeIgniter.php(933): App\Controllers\Notifications->get()
#9 C:\xampp\htdocs\ITE311-MALILAY\system\CodeIgniter.php(507): CodeIgniter\CodeIgniter->runController(Object(App\Controllers\Notifications))
#10 C:\xampp\htdocs\ITE311-MALILAY\system\CodeIgniter.php(354): CodeIgniter\CodeIgniter->handleRequest(NULL, Object(Config\Cache), false)
#11 C:\xampp\htdocs\ITE311-MALILAY\system\Boot.php(363): CodeIgniter\CodeIgniter->run()
#12 C:\xampp\htdocs\ITE311-MALILAY\system\Boot.php(68): CodeIgniter\Boot::runCodeIgniter(Object(CodeIgniter\CodeIgniter))
#13 C:\xampp\htdocs\ITE311-MALILAY\index.php(88): CodeIgniter\Boot::bootWeb(Object(Config\Paths))
#14 {main}
ERROR - 2025-12-12 00:51:56 --> Notification fetch error: You have an error in your SQL syntax; check the manual that corresponds to your MariaDB server version for the right syntax to use near '-1' at line 6
ERROR - 2025-12-12 08:51:58 --> Error updating active semesters: Updates are not allowed unless they contain a "where" or "like" clause.
ERROR - 2025-12-12 00:51:59 --> mysqli_sql_exception: You have an error in your SQL syntax; check the manual that corresponds to your MariaDB server version for the right syntax to use near '-1' at line 6 in C:\xampp\htdocs\ITE311-MALILAY\system\Database\MySQLi\Connection.php:327
Stack trace:
#0 C:\xampp\htdocs\ITE311-MALILAY\system\Database\MySQLi\Connection.php(327): mysqli->query('SELECT *\nFROM `...', 0)
#1 C:\xampp\htdocs\ITE311-MALILAY\system\Database\BaseConnection.php(729): CodeIgniter\Database\MySQLi\Connection->execute('SELECT *\nFROM `...')
#2 C:\xampp\htdocs\ITE311-MALILAY\system\Database\BaseConnection.php(646): CodeIgniter\Database\BaseConnection->simpleQuery('SELECT *\nFROM `...')
#3 C:\xampp\htdocs\ITE311-MALILAY\system\Database\BaseBuilder.php(1649): CodeIgniter\Database\BaseConnection->query('SELECT *\nFROM `...', Array, false)
#4 C:\xampp\htdocs\ITE311-MALILAY\system\Model.php(286): CodeIgniter\Database\BaseBuilder->get()
#5 C:\xampp\htdocs\ITE311-MALILAY\system\BaseModel.php(677): CodeIgniter\Model->doFindAll(0, 0)
#6 C:\xampp\htdocs\ITE311-MALILAY\app\Models\NotificationModel.php(79): CodeIgniter\BaseModel->findAll()
#7 C:\xampp\htdocs\ITE311-MALILAY\app\Controllers\Notifications.php(56): App\Models\NotificationModel->getNotificationsForUser('10', 10)
#8 C:\xampp\htdocs\ITE311-MALILAY\system\CodeIgniter.php(933): App\Controllers\Notifications->get()
#9 C:\xampp\htdocs\ITE311-MALILAY\system\CodeIgniter.php(507): CodeIgniter\CodeIgniter->runController(Object(App\Controllers\Notifications))
#10 C:\xampp\htdocs\ITE311-MALILAY\system\CodeIgniter.php(354): CodeIgniter\CodeIgniter->handleRequest(NULL, Object(Config\Cache), false)
#11 C:\xampp\htdocs\ITE311-MALILAY\system\Boot.php(363): CodeIgniter\CodeIgniter->run()
#12 C:\xampp\htdocs\ITE311-MALILAY\system\Boot.php(68): CodeIgniter\Boot::runCodeIgniter(Object(CodeIgniter\CodeIgniter))
#13 C:\xampp\htdocs\ITE311-MALILAY\index.php(88): CodeIgniter\Boot::bootWeb(Object(Config\Paths))
#14 {main}
ERROR - 2025-12-12 00:51:59 --> Notification fetch error: You have an error in your SQL syntax; check the manual that corresponds to your MariaDB server version for the right syntax to use near '-1' at line 6
ERROR - 2025-12-12 08:51:59 --> Error updating active semesters: Updates are not allowed unless they contain a "where" or "like" clause.
ERROR - 2025-12-12 00:52:00 --> mysqli_sql_exception: You have an error in your SQL syntax; check the manual that corresponds to your MariaDB server version for the right syntax to use near '-1' at line 6 in C:\xampp\htdocs\ITE311-MALILAY\system\Database\MySQLi\Connection.php:327
Stack trace:
#0 C:\xampp\htdocs\ITE311-MALILAY\system\Database\MySQLi\Connection.php(327): mysqli->query('SELECT *\nFROM `...', 0)
#1 C:\xampp\htdocs\ITE311-MALILAY\system\Database\BaseConnection.php(729): CodeIgniter\Database\MySQLi\Connection->execute('SELECT *\nFROM `...')
#2 C:\xampp\htdocs\ITE311-MALILAY\system\Database\BaseConnection.php(646): CodeIgniter\Database\BaseConnection->simpleQuery('SELECT *\nFROM `...')
#3 C:\xampp\htdocs\ITE311-MALILAY\system\Database\BaseBuilder.php(1649): CodeIgniter\Database\BaseConnection->query('SELECT *\nFROM `...', Array, false)
#4 C:\xampp\htdocs\ITE311-MALILAY\system\Model.php(286): CodeIgniter\Database\BaseBuilder->get()
#5 C:\xampp\htdocs\ITE311-MALILAY\system\BaseModel.php(677): CodeIgniter\Model->doFindAll(0, 0)
#6 C:\xampp\htdocs\ITE311-MALILAY\app\Models\NotificationModel.php(79): CodeIgniter\BaseModel->findAll()
#7 C:\xampp\htdocs\ITE311-MALILAY\app\Controllers\Notifications.php(56): App\Models\NotificationModel->getNotificationsForUser('10', 10)
#8 C:\xampp\htdocs\ITE311-MALILAY\system\CodeIgniter.php(933): App\Controllers\Notifications->get()
#9 C:\xampp\htdocs\ITE311-MALILAY\system\CodeIgniter.php(507): CodeIgniter\CodeIgniter->runController(Object(App\Controllers\Notifications))
#10 C:\xampp\htdocs\ITE311-MALILAY\system\CodeIgniter.php(354): CodeIgniter\CodeIgniter->handleRequest(NULL, Object(Config\Cache), false)
#11 C:\xampp\htdocs\ITE311-MALILAY\system\Boot.php(363): CodeIgniter\CodeIgniter->run()
#12 C:\xampp\htdocs\ITE311-MALILAY\system\Boot.php(68): CodeIgniter\Boot::runCodeIgniter(Object(CodeIgniter\CodeIgniter))
#13 C:\xampp\htdocs\ITE311-MALILAY\index.php(88): CodeIgniter\Boot::bootWeb(Object(Config\Paths))
#14 {main}
ERROR - 2025-12-12 00:52:00 --> Notification fetch error: You have an error in your SQL syntax; check the manual that corresponds to your MariaDB server version for the right syntax to use near '-1' at line 6
ERROR - 2025-12-12 08:52:13 --> Error updating active semesters: Updates are not allowed unless they contain a "where" or "like" clause.
ERROR - 2025-12-12 08:52:16 --> Error updating active semesters: Updates are not allowed unless they contain a "where" or "like" clause.
ERROR - 2025-12-12 08:52:17 --> Error updating active semesters: Updates are not allowed unless they contain a "where" or "like" clause.
ERROR - 2025-12-12 08:52:18 --> Error updating active semesters: Updates are not allowed unless they contain a "where" or "like" clause.
ERROR - 2025-12-12 08:52:18 --> Error updating active semesters: Updates are not allowed unless they contain a "where" or "like" clause.
ERROR - 2025-12-12 08:52:19 --> Error updating active semesters: Updates are not allowed unless they contain a "where" or "like" clause.
ERROR - 2025-12-12 08:52:21 --> Error updating active semesters: Updates are not allowed unless they contain a "where" or "like" clause.
ERROR - 2025-12-12 08:52:22 --> Error updating active semesters: Updates are not allowed unless they contain a "where" or "like" clause.
ERROR - 2025-12-12 08:52:23 --> Error updating active semesters: Updates are not allowed unless they contain a "where" or "like" clause.
ERROR - 2025-12-12 08:52:24 --> Error updating active semesters: Updates are not allowed unless they contain a "where" or "like" clause.
ERROR - 2025-12-12 08:52:25 --> Error updating active semesters: Updates are not allowed unless they contain a "where" or "like" clause.
ERROR - 2025-12-12 08:56:00 --> Error updating active semesters: Updates are not allowed unless they contain a "where" or "like" clause.
ERROR - 2025-12-12 08:56:09 --> Error updating active semesters: Updates are not allowed unless they contain a "where" or "like" clause.
ERROR - 2025-12-12 08:56:13 --> Error updating active semesters: Updates are not allowed unless they contain a "where" or "like" clause.
ERROR - 2025-12-12 08:56:29 --> Error updating active semesters: Updates are not allowed unless they contain a "where" or "like" clause.
ERROR - 2025-12-12 08:57:31 --> Error updating active semesters: Updates are not allowed unless they contain a "where" or "like" clause.
ERROR - 2025-12-12 08:57:57 --> Error updating active semesters: Updates are not allowed unless they contain a "where" or "like" clause.
ERROR - 2025-12-12 08:58:08 --> Error updating active semesters: Updates are not allowed unless they contain a "where" or "like" clause.
ERROR - 2025-12-12 00:58:09 --> mysqli_sql_exception: You have an error in your SQL syntax; check the manual that corresponds to your MariaDB server version for the right syntax to use near '-1' at line 6 in C:\xampp\htdocs\ITE311-MALILAY\system\Database\MySQLi\Connection.php:327
Stack trace:
#0 C:\xampp\htdocs\ITE311-MALILAY\system\Database\MySQLi\Connection.php(327): mysqli->query('SELECT *\nFROM `...', 0)
#1 C:\xampp\htdocs\ITE311-MALILAY\system\Database\BaseConnection.php(729): CodeIgniter\Database\MySQLi\Connection->execute('SELECT *\nFROM `...')
#2 C:\xampp\htdocs\ITE311-MALILAY\system\Database\BaseConnection.php(646): CodeIgniter\Database\BaseConnection->simpleQuery('SELECT *\nFROM `...')
#3 C:\xampp\htdocs\ITE311-MALILAY\system\Database\BaseBuilder.php(1649): CodeIgniter\Database\BaseConnection->query('SELECT *\nFROM `...', Array, false)
#4 C:\xampp\htdocs\ITE311-MALILAY\system\Model.php(286): CodeIgniter\Database\BaseBuilder->get()
#5 C:\xampp\htdocs\ITE311-MALILAY\system\BaseModel.php(677): CodeIgniter\Model->doFindAll(0, 0)
#6 C:\xampp\htdocs\ITE311-MALILAY\app\Models\NotificationModel.php(79): CodeIgniter\BaseModel->findAll()
#7 C:\xampp\htdocs\ITE311-MALILAY\app\Controllers\Notifications.php(56): App\Models\NotificationModel->getNotificationsForUser('10', 10)
#8 C:\xampp\htdocs\ITE311-MALILAY\system\CodeIgniter.php(933): App\Controllers\Notifications->get()
#9 C:\xampp\htdocs\ITE311-MALILAY\system\CodeIgniter.php(507): CodeIgniter\CodeIgniter->runController(Object(App\Controllers\Notifications))
#10 C:\xampp\htdocs\ITE311-MALILAY\system\CodeIgniter.php(354): CodeIgniter\CodeIgniter->handleRequest(NULL, Object(Config\Cache), false)
#11 C:\xampp\htdocs\ITE311-MALILAY\system\Boot.php(363): CodeIgniter\CodeIgniter->run()
#12 C:\xampp\htdocs\ITE311-MALILAY\system\Boot.php(68): CodeIgniter\Boot::runCodeIgniter(Object(CodeIgniter\CodeIgniter))
#13 C:\xampp\htdocs\ITE311-MALILAY\index.php(88): CodeIgniter\Boot::bootWeb(Object(Config\Paths))
#14 {main}
ERROR - 2025-12-12 00:58:09 --> Notification fetch error: You have an error in your SQL syntax; check the manual that corresponds to your MariaDB server version for the right syntax to use near '-1' at line 6
ERROR - 2025-12-12 00:59:09 --> mysqli_sql_exception: You have an error in your SQL syntax; check the manual that corresponds to your MariaDB server version for the right syntax to use near '-1' at line 6 in C:\xampp\htdocs\ITE311-MALILAY\system\Database\MySQLi\Connection.php:327
Stack trace:
#0 C:\xampp\htdocs\ITE311-MALILAY\system\Database\MySQLi\Connection.php(327): mysqli->query('SELECT *\nFROM `...', 0)
#1 C:\xampp\htdocs\ITE311-MALILAY\system\Database\BaseConnection.php(729): CodeIgniter\Database\MySQLi\Connection->execute('SELECT *\nFROM `...')
#2 C:\xampp\htdocs\ITE311-MALILAY\system\Database\BaseConnection.php(646): CodeIgniter\Database\BaseConnection->simpleQuery('SELECT *\nFROM `...')
#3 C:\xampp\htdocs\ITE311-MALILAY\system\Database\BaseBuilder.php(1649): CodeIgniter\Database\BaseConnection->query('SELECT *\nFROM `...', Array, false)
#4 C:\xampp\htdocs\ITE311-MALILAY\system\Model.php(286): CodeIgniter\Database\BaseBuilder->get()
#5 C:\xampp\htdocs\ITE311-MALILAY\system\BaseModel.php(677): CodeIgniter\Model->doFindAll(0, 0)
#6 C:\xampp\htdocs\ITE311-MALILAY\app\Models\NotificationModel.php(79): CodeIgniter\BaseModel->findAll()
#7 C:\xampp\htdocs\ITE311-MALILAY\app\Controllers\Notifications.php(56): App\Models\NotificationModel->getNotificationsForUser('10', 10)
#8 C:\xampp\htdocs\ITE311-MALILAY\system\CodeIgniter.php(933): App\Controllers\Notifications->get()
#9 C:\xampp\htdocs\ITE311-MALILAY\system\CodeIgniter.php(507): CodeIgniter\CodeIgniter->runController(Object(App\Controllers\Notifications))
#10 C:\xampp\htdocs\ITE311-MALILAY\system\CodeIgniter.php(354): CodeIgniter\CodeIgniter->handleRequest(NULL, Object(Config\Cache), false)
#11 C:\xampp\htdocs\ITE311-MALILAY\system\Boot.php(363): CodeIgniter\CodeIgniter->run()
#12 C:\xampp\htdocs\ITE311-MALILAY\system\Boot.php(68): CodeIgniter\Boot::runCodeIgniter(Object(CodeIgniter\CodeIgniter))
#13 C:\xampp\htdocs\ITE311-MALILAY\index.php(88): CodeIgniter\Boot::bootWeb(Object(Config\Paths))
#14 {main}
ERROR - 2025-12-12 00:59:09 --> Notification fetch error: You have an error in your SQL syntax; check the manual that corresponds to your MariaDB server version for the right syntax to use near '-1' at line 6
ERROR - 2025-12-12 09:00:01 --> Error updating active semesters: Updates are not allowed unless they contain a "where" or "like" clause.
ERROR - 2025-12-12 01:00:01 --> mysqli_sql_exception: You have an error in your SQL syntax; check the manual that corresponds to your MariaDB server version for the right syntax to use near '-1' at line 6 in C:\xampp\htdocs\ITE311-MALILAY\system\Database\MySQLi\Connection.php:327
Stack trace:
#0 C:\xampp\htdocs\ITE311-MALILAY\system\Database\MySQLi\Connection.php(327): mysqli->query('SELECT *\nFROM `...', 0)
#1 C:\xampp\htdocs\ITE311-MALILAY\system\Database\BaseConnection.php(729): CodeIgniter\Database\MySQLi\Connection->execute('SELECT *\nFROM `...')
#2 C:\xampp\htdocs\ITE311-MALILAY\system\Database\BaseConnection.php(646): CodeIgniter\Database\BaseConnection->simpleQuery('SELECT *\nFROM `...')
#3 C:\xampp\htdocs\ITE311-MALILAY\system\Database\BaseBuilder.php(1649): CodeIgniter\Database\BaseConnection->query('SELECT *\nFROM `...', Array, false)
#4 C:\xampp\htdocs\ITE311-MALILAY\system\Model.php(286): CodeIgniter\Database\BaseBuilder->get()
#5 C:\xampp\htdocs\ITE311-MALILAY\system\BaseModel.php(677): CodeIgniter\Model->doFindAll(0, 0)
#6 C:\xampp\htdocs\ITE311-MALILAY\app\Models\NotificationModel.php(79): CodeIgniter\BaseModel->findAll()
#7 C:\xampp\htdocs\ITE311-MALILAY\app\Controllers\Notifications.php(56): App\Models\NotificationModel->getNotificationsForUser('10', 10)
#8 C:\xampp\htdocs\ITE311-MALILAY\system\CodeIgniter.php(933): App\Controllers\Notifications->get()
#9 C:\xampp\htdocs\ITE311-MALILAY\system\CodeIgniter.php(507): CodeIgniter\CodeIgniter->runController(Object(App\Controllers\Notifications))
#10 C:\xampp\htdocs\ITE311-MALILAY\system\CodeIgniter.php(354): CodeIgniter\CodeIgniter->handleRequest(NULL, Object(Config\Cache), false)
#11 C:\xampp\htdocs\ITE311-MALILAY\system\Boot.php(363): CodeIgniter\CodeIgniter->run()
#12 C:\xampp\htdocs\ITE311-MALILAY\system\Boot.php(68): CodeIgniter\Boot::runCodeIgniter(Object(CodeIgniter\CodeIgniter))
#13 C:\xampp\htdocs\ITE311-MALILAY\index.php(88): CodeIgniter\Boot::bootWeb(Object(Config\Paths))
#14 {main}
ERROR - 2025-12-12 01:00:01 --> Notification fetch error: You have an error in your SQL syntax; check the manual that corresponds to your MariaDB server version for the right syntax to use near '-1' at line 6
ERROR - 2025-12-12 09:00:03 --> Error updating active semesters: Updates are not allowed unless they contain a "where" or "like" clause.
ERROR - 2025-12-12 01:00:04 --> mysqli_sql_exception: You have an error in your SQL syntax; check the manual that corresponds to your MariaDB server version for the right syntax to use near '-1' at line 6 in C:\xampp\htdocs\ITE311-MALILAY\system\Database\MySQLi\Connection.php:327
Stack trace:
#0 C:\xampp\htdocs\ITE311-MALILAY\system\Database\MySQLi\Connection.php(327): mysqli->query('SELECT *\nFROM `...', 0)
#1 C:\xampp\htdocs\ITE311-MALILAY\system\Database\BaseConnection.php(729): CodeIgniter\Database\MySQLi\Connection->execute('SELECT *\nFROM `...')
#2 C:\xampp\htdocs\ITE311-MALILAY\system\Database\BaseConnection.php(646): CodeIgniter\Database\BaseConnection->simpleQuery('SELECT *\nFROM `...')
#3 C:\xampp\htdocs\ITE311-MALILAY\system\Database\BaseBuilder.php(1649): CodeIgniter\Database\BaseConnection->query('SELECT *\nFROM `...', Array, false)
#4 C:\xampp\htdocs\ITE311-MALILAY\system\Model.php(286): CodeIgniter\Database\BaseBuilder->get()
#5 C:\xampp\htdocs\ITE311-MALILAY\system\BaseModel.php(677): CodeIgniter\Model->doFindAll(0, 0)
#6 C:\xampp\htdocs\ITE311-MALILAY\app\Models\NotificationModel.php(79): CodeIgniter\BaseModel->findAll()
#7 C:\xampp\htdocs\ITE311-MALILAY\app\Controllers\Notifications.php(56): App\Models\NotificationModel->getNotificationsForUser('10', 10)
#8 C:\xampp\htdocs\ITE311-MALILAY\system\CodeIgniter.php(933): App\Controllers\Notifications->get()
#9 C:\xampp\htdocs\ITE311-MALILAY\system\CodeIgniter.php(507): CodeIgniter\CodeIgniter->runController(Object(App\Controllers\Notifications))
#10 C:\xampp\htdocs\ITE311-MALILAY\system\CodeIgniter.php(354): CodeIgniter\CodeIgniter->handleRequest(NULL, Object(Config\Cache), false)
#11 C:\xampp\htdocs\ITE311-MALILAY\system\Boot.php(363): CodeIgniter\CodeIgniter->run()
#12 C:\xampp\htdocs\ITE311-MALILAY\system\Boot.php(68): CodeIgniter\Boot::runCodeIgniter(Object(CodeIgniter\CodeIgniter))
#13 C:\xampp\htdocs\ITE311-MALILAY\index.php(88): CodeIgniter\Boot::bootWeb(Object(Config\Paths))
#14 {main}
ERROR - 2025-12-12 01:00:04 --> Notification fetch error: You have an error in your SQL syntax; check the manual that corresponds to your MariaDB server version for the right syntax to use near '-1' at line 6
ERROR - 2025-12-12 09:00:05 --> Error updating active semesters: Updates are not allowed unless they contain a "where" or "like" clause.
ERROR - 2025-12-12 01:00:06 --> mysqli_sql_exception: You have an error in your SQL syntax; check the manual that corresponds to your MariaDB server version for the right syntax to use near '-1' at line 6 in C:\xampp\htdocs\ITE311-MALILAY\system\Database\MySQLi\Connection.php:327
Stack trace:
#0 C:\xampp\htdocs\ITE311-MALILAY\system\Database\MySQLi\Connection.php(327): mysqli->query('SELECT *\nFROM `...', 0)
#1 C:\xampp\htdocs\ITE311-MALILAY\system\Database\BaseConnection.php(729): CodeIgniter\Database\MySQLi\Connection->execute('SELECT *\nFROM `...')
#2 C:\xampp\htdocs\ITE311-MALILAY\system\Database\BaseConnection.php(646): CodeIgniter\Database\BaseConnection->simpleQuery('SELECT *\nFROM `...')
#3 C:\xampp\htdocs\ITE311-MALILAY\system\Database\BaseBuilder.php(1649): CodeIgniter\Database\BaseConnection->query('SELECT *\nFROM `...', Array, false)
#4 C:\xampp\htdocs\ITE311-MALILAY\system\Model.php(286): CodeIgniter\Database\BaseBuilder->get()
#5 C:\xampp\htdocs\ITE311-MALILAY\system\BaseModel.php(677): CodeIgniter\Model->doFindAll(0, 0)
#6 C:\xampp\htdocs\ITE311-MALILAY\app\Models\NotificationModel.php(79): CodeIgniter\BaseModel->findAll()
#7 C:\xampp\htdocs\ITE311-MALILAY\app\Controllers\Notifications.php(56): App\Models\NotificationModel->getNotificationsForUser('10', 10)
#8 C:\xampp\htdocs\ITE311-MALILAY\system\CodeIgniter.php(933): App\Controllers\Notifications->get()
#9 C:\xampp\htdocs\ITE311-MALILAY\system\CodeIgniter.php(507): CodeIgniter\CodeIgniter->runController(Object(App\Controllers\Notifications))
#10 C:\xampp\htdocs\ITE311-MALILAY\system\CodeIgniter.php(354): CodeIgniter\CodeIgniter->handleRequest(NULL, Object(Config\Cache), false)
#11 C:\xampp\htdocs\ITE311-MALILAY\system\Boot.php(363): CodeIgniter\CodeIgniter->run()
#12 C:\xampp\htdocs\ITE311-MALILAY\system\Boot.php(68): CodeIgniter\Boot::runCodeIgniter(Object(CodeIgniter\CodeIgniter))
#13 C:\xampp\htdocs\ITE311-MALILAY\index.php(88): CodeIgniter\Boot::bootWeb(Object(Config\Paths))
#14 {main}
ERROR - 2025-12-12 01:00:06 --> Notification fetch error: You have an error in your SQL syntax; check the manual that corresponds to your MariaDB server version for the right syntax to use near '-1' at line 6
ERROR - 2025-12-12 09:00:15 --> Error updating active semesters: Updates are not allowed unless they contain a "where" or "like" clause.
ERROR - 2025-12-12 09:00:17 --> Error updating active semesters: Updates are not allowed unless they contain a "where" or "like" clause.
ERROR - 2025-12-12 09:00:18 --> Error updating active semesters: Updates are not allowed unless they contain a "where" or "like" clause.
ERROR - 2025-12-12 09:00:19 --> Error updating active semesters: Updates are not allowed unless they contain a "where" or "like" clause.
ERROR - 2025-12-12 09:00:23 --> Error updating active semesters: Updates are not allowed unless they contain a "where" or "like" clause.
ERROR - 2025-12-12 09:00:24 --> Error updating active semesters: Updates are not allowed unless they contain a "where" or "like" clause.
ERROR - 2025-12-12 09:00:36 --> Error updating active semesters: Updates are not allowed unless they contain a "where" or "like" clause.
ERROR - 2025-12-12 09:00:37 --> Error updating active semesters: Updates are not allowed unless they contain a "where" or "like" clause.
ERROR - 2025-12-12 09:00:37 --> Error updating active semesters: Updates are not allowed unless they contain a "where" or "like" clause.
ERROR - 2025-12-12 09:00:38 --> Error updating active semesters: Updates are not allowed unless they contain a "where" or "like" clause.
ERROR - 2025-12-12 09:00:39 --> Error updating active semesters: Updates are not allowed unless they contain a "where" or "like" clause.
ERROR - 2025-12-12 09:00:48 --> Error updating active semesters: Updates are not allowed unless they contain a "where" or "like" clause.
ERROR - 2025-12-12 09:00:51 --> Error updating active semesters: Updates are not allowed unless they contain a "where" or "like" clause.
ERROR - 2025-12-12 09:01:21 --> Error updating active semesters: Updates are not allowed unless they contain a "where" or "like" clause.
ERROR - 2025-12-12 09:01:24 --> Error updating active semesters: Updates are not allowed unless they contain a "where" or "like" clause.
ERROR - 2025-12-12 09:03:45 --> Error updating active semesters: Updates are not allowed unless they contain a "where" or "like" clause.
ERROR - 2025-12-12 09:03:49 --> Error updating active semesters: Updates are not allowed unless they contain a "where" or "like" clause.
ERROR - 2025-12-12 09:04:08 --> Error updating active semesters: Updates are not allowed unless they contain a "where" or "like" clause.
ERROR - 2025-12-12 09:04:22 --> Error updating active semesters: Updates are not allowed unless they contain a "where" or "like" clause.
ERROR - 2025-12-12 09:05:41 --> Error updating active semesters: Updates are not allowed unless they contain a "where" or "like" clause.
ERROR - 2025-12-12 09:05:43 --> Error updating active semesters: Updates are not allowed unless they contain a "where" or "like" clause.
ERROR - 2025-12-12 09:06:43 --> Error updating active semesters: Updates are not allowed unless they contain a "where" or "like" clause.
ERROR - 2025-12-12 01:06:43 --> mysqli_sql_exception: You have an error in your SQL syntax; check the manual that corresponds to your MariaDB server version for the right syntax to use near '-1' at line 6 in C:\xampp\htdocs\ITE311-MALILAY\system\Database\MySQLi\Connection.php:327
Stack trace:
#0 C:\xampp\htdocs\ITE311-MALILAY\system\Database\MySQLi\Connection.php(327): mysqli->query('SELECT *\nFROM `...', 0)
#1 C:\xampp\htdocs\ITE311-MALILAY\system\Database\BaseConnection.php(729): CodeIgniter\Database\MySQLi\Connection->execute('SELECT *\nFROM `...')
#2 C:\xampp\htdocs\ITE311-MALILAY\system\Database\BaseConnection.php(646): CodeIgniter\Database\BaseConnection->simpleQuery('SELECT *\nFROM `...')
#3 C:\xampp\htdocs\ITE311-MALILAY\system\Database\BaseBuilder.php(1649): CodeIgniter\Database\BaseConnection->query('SELECT *\nFROM `...', Array, false)
#4 C:\xampp\htdocs\ITE311-MALILAY\system\Model.php(286): CodeIgniter\Database\BaseBuilder->get()
#5 C:\xampp\htdocs\ITE311-MALILAY\system\BaseModel.php(677): CodeIgniter\Model->doFindAll(0, 0)
#6 C:\xampp\htdocs\ITE311-MALILAY\app\Models\NotificationModel.php(79): CodeIgniter\BaseModel->findAll()
#7 C:\xampp\htdocs\ITE311-MALILAY\app\Controllers\Notifications.php(56): App\Models\NotificationModel->getNotificationsForUser('10', 10)
#8 C:\xampp\htdocs\ITE311-MALILAY\system\CodeIgniter.php(933): App\Controllers\Notifications->get()
#9 C:\xampp\htdocs\ITE311-MALILAY\system\CodeIgniter.php(507): CodeIgniter\CodeIgniter->runController(Object(App\Controllers\Notifications))
#10 C:\xampp\htdocs\ITE311-MALILAY\system\CodeIgniter.php(354): CodeIgniter\CodeIgniter->handleRequest(NULL, Object(Config\Cache), false)
#11 C:\xampp\htdocs\ITE311-MALILAY\system\Boot.php(363): CodeIgniter\CodeIgniter->run()
#12 C:\xampp\htdocs\ITE311-MALILAY\system\Boot.php(68): CodeIgniter\Boot::runCodeIgniter(Object(CodeIgniter\CodeIgniter))
#13 C:\xampp\htdocs\ITE311-MALILAY\index.php(88): CodeIgniter\Boot::bootWeb(Object(Config\Paths))
#14 {main}
ERROR - 2025-12-12 01:06:43 --> Notification fetch error: You have an error in your SQL syntax; check the manual that corresponds to your MariaDB server version for the right syntax to use near '-1' at line 6
ERROR - 2025-12-12 09:07:16 --> Error updating active semesters: Updates are not allowed unless they contain a "where" or "like" clause.
ERROR - 2025-12-12 01:07:17 --> mysqli_sql_exception: You have an error in your SQL syntax; check the manual that corresponds to your MariaDB server version for the right syntax to use near '-1' at line 6 in C:\xampp\htdocs\ITE311-MALILAY\system\Database\MySQLi\Connection.php:327
Stack trace:
#0 C:\xampp\htdocs\ITE311-MALILAY\system\Database\MySQLi\Connection.php(327): mysqli->query('SELECT *\nFROM `...', 0)
#1 C:\xampp\htdocs\ITE311-MALILAY\system\Database\BaseConnection.php(729): CodeIgniter\Database\MySQLi\Connection->execute('SELECT *\nFROM `...')
#2 C:\xampp\htdocs\ITE311-MALILAY\system\Database\BaseConnection.php(646): CodeIgniter\Database\BaseConnection->simpleQuery('SELECT *\nFROM `...')
#3 C:\xampp\htdocs\ITE311-MALILAY\system\Database\BaseBuilder.php(1649): CodeIgniter\Database\BaseConnection->query('SELECT *\nFROM `...', Array, false)
#4 C:\xampp\htdocs\ITE311-MALILAY\system\Model.php(286): CodeIgniter\Database\BaseBuilder->get()
#5 C:\xampp\htdocs\ITE311-MALILAY\system\BaseModel.php(677): CodeIgniter\Model->doFindAll(0, 0)
#6 C:\xampp\htdocs\ITE311-MALILAY\app\Models\NotificationModel.php(79): CodeIgniter\BaseModel->findAll()
#7 C:\xampp\htdocs\ITE311-MALILAY\app\Controllers\Notifications.php(56): App\Models\NotificationModel->getNotificationsForUser('10', 10)
#8 C:\xampp\htdocs\ITE311-MALILAY\system\CodeIgniter.php(933): App\Controllers\Notifications->get()
#9 C:\xampp\htdocs\ITE311-MALILAY\system\CodeIgniter.php(507): CodeIgniter\CodeIgniter->runController(Object(App\Controllers\Notifications))
#10 C:\xampp\htdocs\ITE311-MALILAY\system\CodeIgniter.php(354): CodeIgniter\CodeIgniter->handleRequest(NULL, Object(Config\Cache), false)
#11 C:\xampp\htdocs\ITE311-MALILAY\system\Boot.php(363): CodeIgniter\CodeIgniter->run()
#12 C:\xampp\htdocs\ITE311-MALILAY\system\Boot.php(68): CodeIgniter\Boot::runCodeIgniter(Object(CodeIgniter\CodeIgniter))
#13 C:\xampp\htdocs\ITE311-MALILAY\index.php(88): CodeIgniter\Boot::bootWeb(Object(Config\Paths))
#14 {main}
ERROR - 2025-12-12 01:07:17 --> Notification fetch error: You have an error in your SQL syntax; check the manual that corresponds to your MariaDB server version for the right syntax to use near '-1' at line 6
ERROR - 2025-12-12 09:07:17 --> Error updating active semesters: Updates are not allowed unless they contain a "where" or "like" clause.
ERROR - 2025-12-12 01:07:18 --> mysqli_sql_exception: You have an error in your SQL syntax; check the manual that corresponds to your MariaDB server version for the right syntax to use near '-1' at line 6 in C:\xampp\htdocs\ITE311-MALILAY\system\Database\MySQLi\Connection.php:327
Stack trace:
#0 C:\xampp\htdocs\ITE311-MALILAY\system\Database\MySQLi\Connection.php(327): mysqli->query('SELECT *\nFROM `...', 0)
#1 C:\xampp\htdocs\ITE311-MALILAY\system\Database\BaseConnection.php(729): CodeIgniter\Database\MySQLi\Connection->execute('SELECT *\nFROM `...')
#2 C:\xampp\htdocs\ITE311-MALILAY\system\Database\BaseConnection.php(646): CodeIgniter\Database\BaseConnection->simpleQuery('SELECT *\nFROM `...')
#3 C:\xampp\htdocs\ITE311-MALILAY\system\Database\BaseBuilder.php(1649): CodeIgniter\Database\BaseConnection->query('SELECT *\nFROM `...', Array, false)
#4 C:\xampp\htdocs\ITE311-MALILAY\system\Model.php(286): CodeIgniter\Database\BaseBuilder->get()
#5 C:\xampp\htdocs\ITE311-MALILAY\system\BaseModel.php(677): CodeIgniter\Model->doFindAll(0, 0)
#6 C:\xampp\htdocs\ITE311-MALILAY\app\Models\NotificationModel.php(79): CodeIgniter\BaseModel->findAll()
#7 C:\xampp\htdocs\ITE311-MALILAY\app\Controllers\Notifications.php(56): App\Models\NotificationModel->getNotificationsForUser('10', 10)
#8 C:\xampp\htdocs\ITE311-MALILAY\system\CodeIgniter.php(933): App\Controllers\Notifications->get()
#9 C:\xampp\htdocs\ITE311-MALILAY\system\CodeIgniter.php(507): CodeIgniter\CodeIgniter->runController(Object(App\Controllers\Notifications))
#10 C:\xampp\htdocs\ITE311-MALILAY\system\CodeIgniter.php(354): CodeIgniter\CodeIgniter->handleRequest(NULL, Object(Config\Cache), false)
#11 C:\xampp\htdocs\ITE311-MALILAY\system\Boot.php(363): CodeIgniter\CodeIgniter->run()
#12 C:\xampp\htdocs\ITE311-MALILAY\system\Boot.php(68): CodeIgniter\Boot::runCodeIgniter(Object(CodeIgniter\CodeIgniter))
#13 C:\xampp\htdocs\ITE311-MALILAY\index.php(88): CodeIgniter\Boot::bootWeb(Object(Config\Paths))
#14 {main}
ERROR - 2025-12-12 01:07:18 --> Notification fetch error: You have an error in your SQL syntax; check the manual that corresponds to your MariaDB server version for the right syntax to use near '-1' at line 6
ERROR - 2025-12-12 09:07:18 --> Error updating active semesters: Updates are not allowed unless they contain a "where" or "like" clause.
ERROR - 2025-12-12 01:07:18 --> mysqli_sql_exception: You have an error in your SQL syntax; check the manual that corresponds to your MariaDB server version for the right syntax to use near '-1' at line 6 in C:\xampp\htdocs\ITE311-MALILAY\system\Database\MySQLi\Connection.php:327
Stack trace:
#0 C:\xampp\htdocs\ITE311-MALILAY\system\Database\MySQLi\Connection.php(327): mysqli->query('SELECT *\nFROM `...', 0)
#1 C:\xampp\htdocs\ITE311-MALILAY\system\Database\BaseConnection.php(729): CodeIgniter\Database\MySQLi\Connection->execute('SELECT *\nFROM `...')
#2 C:\xampp\htdocs\ITE311-MALILAY\system\Database\BaseConnection.php(646): CodeIgniter\Database\BaseConnection->simpleQuery('SELECT *\nFROM `...')
#3 C:\xampp\htdocs\ITE311-MALILAY\system\Database\BaseBuilder.php(1649): CodeIgniter\Database\BaseConnection->query('SELECT *\nFROM `...', Array, false)
#4 C:\xampp\htdocs\ITE311-MALILAY\system\Model.php(286): CodeIgniter\Database\BaseBuilder->get()
#5 C:\xampp\htdocs\ITE311-MALILAY\system\BaseModel.php(677): CodeIgniter\Model->doFindAll(0, 0)
#6 C:\xampp\htdocs\ITE311-MALILAY\app\Models\NotificationModel.php(79): CodeIgniter\BaseModel->findAll()
#7 C:\xampp\htdocs\ITE311-MALILAY\app\Controllers\Notifications.php(56): App\Models\NotificationModel->getNotificationsForUser('10', 10)
#8 C:\xampp\htdocs\ITE311-MALILAY\system\CodeIgniter.php(933): App\Controllers\Notifications->get()
#9 C:\xampp\htdocs\ITE311-MALILAY\system\CodeIgniter.php(507): CodeIgniter\CodeIgniter->runController(Object(App\Controllers\Notifications))
#10 C:\xampp\htdocs\ITE311-MALILAY\system\CodeIgniter.php(354): CodeIgniter\CodeIgniter->handleRequest(NULL, Object(Config\Cache), false)
#11 C:\xampp\htdocs\ITE311-MALILAY\system\Boot.php(363): CodeIgniter\CodeIgniter->run()
#12 C:\xampp\htdocs\ITE311-MALILAY\system\Boot.php(68): CodeIgniter\Boot::runCodeIgniter(Object(CodeIgniter\CodeIgniter))
#13 C:\xampp\htdocs\ITE311-MALILAY\index.php(88): CodeIgniter\Boot::bootWeb(Object(Config\Paths))
#14 {main}
ERROR - 2025-12-12 01:07:18 --> Notification fetch error: You have an error in your SQL syntax; check the manual that corresponds to your MariaDB server version for the right syntax to use near '-1' at line 6
ERROR - 2025-12-12 09:07:19 --> Error updating active semesters: Updates are not allowed unless they contain a "where" or "like" clause.
ERROR - 2025-12-12 01:07:20 --> mysqli_sql_exception: You have an error in your SQL syntax; check the manual that corresponds to your MariaDB server version for the right syntax to use near '-1' at line 6 in C:\xampp\htdocs\ITE311-MALILAY\system\Database\MySQLi\Connection.php:327
Stack trace:
#0 C:\xampp\htdocs\ITE311-MALILAY\system\Database\MySQLi\Connection.php(327): mysqli->query('SELECT *\nFROM `...', 0)
#1 C:\xampp\htdocs\ITE311-MALILAY\system\Database\BaseConnection.php(729): CodeIgniter\Database\MySQLi\Connection->execute('SELECT *\nFROM `...')
#2 C:\xampp\htdocs\ITE311-MALILAY\system\Database\BaseConnection.php(646): CodeIgniter\Database\BaseConnection->simpleQuery('SELECT *\nFROM `...')
#3 C:\xampp\htdocs\ITE311-MALILAY\system\Database\BaseBuilder.php(1649): CodeIgniter\Database\BaseConnection->query('SELECT *\nFROM `...', Array, false)
#4 C:\xampp\htdocs\ITE311-MALILAY\system\Model.php(286): CodeIgniter\Database\BaseBuilder->get()
#5 C:\xampp\htdocs\ITE311-MALILAY\system\BaseModel.php(677): CodeIgniter\Model->doFindAll(0, 0)
#6 C:\xampp\htdocs\ITE311-MALILAY\app\Models\NotificationModel.php(79): CodeIgniter\BaseModel->findAll()
#7 C:\xampp\htdocs\ITE311-MALILAY\app\Controllers\Notifications.php(56): App\Models\NotificationModel->getNotificationsForUser('10', 10)
#8 C:\xampp\htdocs\ITE311-MALILAY\system\CodeIgniter.php(933): App\Controllers\Notifications->get()
#9 C:\xampp\htdocs\ITE311-MALILAY\system\CodeIgniter.php(507): CodeIgniter\CodeIgniter->runController(Object(App\Controllers\Notifications))
#10 C:\xampp\htdocs\ITE311-MALILAY\system\CodeIgniter.php(354): CodeIgniter\CodeIgniter->handleRequest(NULL, Object(Config\Cache), false)
#11 C:\xampp\htdocs\ITE311-MALILAY\system\Boot.php(363): CodeIgniter\CodeIgniter->run()
#12 C:\xampp\htdocs\ITE311-MALILAY\system\Boot.php(68): CodeIgniter\Boot::runCodeIgniter(Object(CodeIgniter\CodeIgniter))
#13 C:\xampp\htdocs\ITE311-MALILAY\index.php(88): CodeIgniter\Boot::bootWeb(Object(Config\Paths))
#14 {main}
ERROR - 2025-12-12 01:07:20 --> Notification fetch error: You have an error in your SQL syntax; check the manual that corresponds to your MariaDB server version for the right syntax to use near '-1' at line 6
ERROR - 2025-12-12 09:07:20 --> Error updating active semesters: Updates are not allowed unless they contain a "where" or "like" clause.
ERROR - 2025-12-12 09:07:24 --> Error updating active semesters: Updates are not allowed unless they contain a "where" or "like" clause.
ERROR - 2025-12-12 09:07:24 --> Error updating active semesters: Updates are not allowed unless they contain a "where" or "like" clause.
ERROR - 2025-12-12 09:07:50 --> Error updating active semesters: Updates are not allowed unless they contain a "where" or "like" clause.
ERROR - 2025-12-12 09:07:52 --> Error updating active semesters: Updates are not allowed unless they contain a "where" or "like" clause.
ERROR - 2025-12-12 09:08:49 --> Error updating active semesters: Updates are not allowed unless they contain a "where" or "like" clause.
ERROR - 2025-12-12 09:08:54 --> Error updating active semesters: Updates are not allowed unless they contain a "where" or "like" clause.
ERROR - 2025-12-12 09:08:56 --> Error updating active semesters: Updates are not allowed unless they contain a "where" or "like" clause.
ERROR - 2025-12-12 09:08:58 --> Error updating active semesters: Updates are not allowed unless they contain a "where" or "like" clause.
ERROR - 2025-12-12 09:09:06 --> Error updating active semesters: Updates are not allowed unless they contain a "where" or "like" clause.
ERROR - 2025-12-12 09:09:42 --> Error updating active semesters: Updates are not allowed unless they contain a "where" or "like" clause.
ERROR - 2025-12-12 09:09:44 --> Error updating active semesters: Updates are not allowed unless they contain a "where" or "like" clause.
ERROR - 2025-12-12 09:09:45 --> Error updating active semesters: Updates are not allowed unless they contain a "where" or "like" clause.
ERROR - 2025-12-12 09:09:46 --> Error updating active semesters: Updates are not allowed unless they contain a "where" or "like" clause.
ERROR - 2025-12-12 09:09:49 --> Error updating active semesters: Updates are not allowed unless they contain a "where" or "like" clause.
ERROR - 2025-12-12 09:09:50 --> Error updating active semesters: Updates are not allowed unless they contain a "where" or "like" clause.
ERROR - 2025-12-12 09:09:52 --> Error updating active semesters: Updates are not allowed unless they contain a "where" or "like" clause.
ERROR - 2025-12-12 09:09:54 --> Error updating active semesters: Updates are not allowed unless they contain a "where" or "like" clause.
ERROR - 2025-12-12 09:10:01 --> Error updating active semesters: Updates are not allowed unless they contain a "where" or "like" clause.
ERROR - 2025-12-12 09:10:20 --> Error updating active semesters: Updates are not allowed unless they contain a "where" or "like" clause.
ERROR - 2025-12-12 09:10:28 --> Error updating active semesters: Updates are not allowed unless they contain a "where" or "like" clause.
ERROR - 2025-12-12 09:10:34 --> Error updating active semesters: Updates are not allowed unless they contain a "where" or "like" clause.
ERROR - 2025-12-12 09:10:37 --> Error updating active semesters: Updates are not allowed unless they contain a "where" or "like" clause.
ERROR - 2025-12-12 09:10:42 --> Error updating active semesters: Updates are not allowed unless they contain a "where" or "like" clause.
ERROR - 2025-12-12 09:10:55 --> Error updating active semesters: Updates are not allowed unless they contain a "where" or "like" clause.
ERROR - 2025-12-12 01:10:55 --> mysqli_sql_exception: You have an error in your SQL syntax; check the manual that corresponds to your MariaDB server version for the right syntax to use near '-1' at line 6 in C:\xampp\htdocs\ITE311-MALILAY\system\Database\MySQLi\Connection.php:327
Stack trace:
#0 C:\xampp\htdocs\ITE311-MALILAY\system\Database\MySQLi\Connection.php(327): mysqli->query('SELECT *\nFROM `...', 0)
#1 C:\xampp\htdocs\ITE311-MALILAY\system\Database\BaseConnection.php(729): CodeIgniter\Database\MySQLi\Connection->execute('SELECT *\nFROM `...')
#2 C:\xampp\htdocs\ITE311-MALILAY\system\Database\BaseConnection.php(646): CodeIgniter\Database\BaseConnection->simpleQuery('SELECT *\nFROM `...')
#3 C:\xampp\htdocs\ITE311-MALILAY\system\Database\BaseBuilder.php(1649): CodeIgniter\Database\BaseConnection->query('SELECT *\nFROM `...', Array, false)
#4 C:\xampp\htdocs\ITE311-MALILAY\system\Model.php(286): CodeIgniter\Database\BaseBuilder->get()
#5 C:\xampp\htdocs\ITE311-MALILAY\system\BaseModel.php(677): CodeIgniter\Model->doFindAll(0, 0)
#6 C:\xampp\htdocs\ITE311-MALILAY\app\Models\NotificationModel.php(79): CodeIgniter\BaseModel->findAll()
#7 C:\xampp\htdocs\ITE311-MALILAY\app\Controllers\Notifications.php(56): App\Models\NotificationModel->getNotificationsForUser('10', 10)
#8 C:\xampp\htdocs\ITE311-MALILAY\system\CodeIgniter.php(933): App\Controllers\Notifications->get()
#9 C:\xampp\htdocs\ITE311-MALILAY\system\CodeIgniter.php(507): CodeIgniter\CodeIgniter->runController(Object(App\Controllers\Notifications))
#10 C:\xampp\htdocs\ITE311-MALILAY\system\CodeIgniter.php(354): CodeIgniter\CodeIgniter->handleRequest(NULL, Object(Config\Cache), false)
#11 C:\xampp\htdocs\ITE311-MALILAY\system\Boot.php(363): CodeIgniter\CodeIgniter->run()
#12 C:\xampp\htdocs\ITE311-MALILAY\system\Boot.php(68): CodeIgniter\Boot::runCodeIgniter(Object(CodeIgniter\CodeIgniter))
#13 C:\xampp\htdocs\ITE311-MALILAY\index.php(88): CodeIgniter\Boot::bootWeb(Object(Config\Paths))
#14 {main}
ERROR - 2025-12-12 01:10:55 --> Notification fetch error: You have an error in your SQL syntax; check the manual that corresponds to your MariaDB server version for the right syntax to use near '-1' at line 6
ERROR - 2025-12-12 09:11:23 --> Error updating active semesters: Updates are not allowed unless they contain a "where" or "like" clause.
ERROR - 2025-12-12 09:12:09 --> Error updating active semesters: Updates are not allowed unless they contain a "where" or "like" clause.
ERROR - 2025-12-12 09:12:10 --> Error updating active semesters: Updates are not allowed unless they contain a "where" or "like" clause.
ERROR - 2025-12-12 09:12:22 --> Error updating active semesters: Updates are not allowed unless they contain a "where" or "like" clause.
ERROR - 2025-12-12 09:12:24 --> Error updating active semesters: Updates are not allowed unless they contain a "where" or "like" clause.
ERROR - 2025-12-12 09:12:34 --> Error updating active semesters: Updates are not allowed unless they contain a "where" or "like" clause.
ERROR - 2025-12-12 09:12:36 --> Error updating active semesters: Updates are not allowed unless they contain a "where" or "like" clause.
ERROR - 2025-12-12 09:15:31 --> Error updating active semesters: Updates are not allowed unless they contain a "where" or "like" clause.
ERROR - 2025-12-12 09:16:14 --> Error updating active semesters: Updates are not allowed unless they contain a "where" or "like" clause.
ERROR - 2025-12-12 09:16:16 --> Error updating active semesters: Updates are not allowed unless they contain a "where" or "like" clause.
ERROR - 2025-12-12 09:16:19 --> Error updating active semesters: Updates are not allowed unless they contain a "where" or "like" clause.
ERROR - 2025-12-12 09:16:20 --> Error updating active semesters: Updates are not allowed unless they contain a "where" or "like" clause.
ERROR - 2025-12-12 09:27:30 --> Error updating active semesters: Updates are not allowed unless they contain a "where" or "like" clause.
ERROR - 2025-12-12 09:27:37 --> Error updating active semesters: Updates are not allowed unless they contain a "where" or "like" clause.
